EESchema (20080825c)  >> Creation date: 13/4/2010-18:14:45

#Cmp ( order = Reference )
| BQ1        BQ24010DRC  ;             
| BUT1       BUT         ;             
| BUT2       BUT         ;             
| C1         16pF        ;             
| C2         16pF        ;             
| C3         0.1uF       ;             
| C4         0.1uF       ;             
| C5         0.1uF       ;             
| C6         0.1uF       ;             
| C7         0.1uF       ;             
| C8         0.1uF       ;             
| C9         0.1uF       ;             
| C10        0.1uF       ;             
| C11        47pF        ;             
| C12        47pF        ;             
| C13        0.1uF       ;             
| C14        0.1uF       ;             
| C15        0.1uF       ;             
| C16        0.1uF       ;             
| C17        0.1uF       ;             
| C18        0.1uF       ;             
| C19        0.1uF       ;             
| C20        47uF        ;             
| C21        47uF        ;             
| C22        47uF        ;             
| C23        0.1uF       ;             
| D1         DIODE       ;             
| D2         Red         ;             
| D3         Green       ;             
| D4         LED         ;             
| MCP1       MCP1700T    ;             
| MCP2       MCP1700T    ;             
| OSC1       8Mhz        ;             
| P1         CONN_2      ;             
| P2         CONN_4X2    ;             
| P3         CONN_2      ;             
| P4         CONN_6      ;             
| P5         CONN_4X2    ;             
| P6         CONN_16X2   ;             
| P7         CONN_16     ;             
| P8         CONN_32     ;             
| P9         CONN_32     ;             
| PWR_JACK1  PWR_JACK    ;             
| Q1         NPN         ;             
| Q2         NPN         ;             
| R1         1.5k        ;             
| R2         10k         ;             
| R3         10k         ;             
| R4         10k         ;             
| R5         10k         ;             
| R6         1k          ;             
| R7         47k         ;             
| R8         10k         ;             
| R9         22          ;             
| R10        22          ;             
| R11        36k         ;             
| R12        1.5k        ;             
| R13        1k          ;             
| R14        1k          ;             
| R15        1k          ;             
| R16        10k         ;             
| R17        10k         ;             
| R18        1k          ;             
| U1         STM32F103ZE ;             
| U2         IS62WV51216ALL;             
| USB1       USB         ;             
#End Cmp

#Cmp ( order = Value )
| 0.1uF        C3        ;             
| 0.1uF        C4        ;             
| 0.1uF        C5        ;             
| 0.1uF        C6        ;             
| 0.1uF        C7        ;             
| 0.1uF        C8        ;             
| 0.1uF        C9        ;             
| 0.1uF        C10       ;             
| 0.1uF        C13       ;             
| 0.1uF        C14       ;             
| 0.1uF        C15       ;             
| 0.1uF        C16       ;             
| 0.1uF        C17       ;             
| 0.1uF        C18       ;             
| 0.1uF        C19       ;             
| 0.1uF        C23       ;             
| 1.5k         R1        ;             
| 1.5k         R12       ;             
| 10k          R2        ;             
| 10k          R3        ;             
| 10k          R4        ;             
| 10k          R5        ;             
| 10k          R8        ;             
| 10k          R16       ;             
| 10k          R17       ;             
| 16pF         C1        ;             
| 16pF         C2        ;             
| 1k           R6        ;             
| 1k           R13       ;             
| 1k           R14       ;             
| 1k           R15       ;             
| 1k           R18       ;             
| 22           R9        ;             
| 22           R10       ;             
| 36k          R11       ;             
| 47k          R7        ;             
| 47pF         C11       ;             
| 47pF         C12       ;             
| 47uF         C20       ;             
| 47uF         C21       ;             
| 47uF         C22       ;             
| 8Mhz         OSC1      ;             
| BQ24010DRC   BQ1       ;             
| BUT          BUT1      ;             
| BUT          BUT2      ;             
| CONN_16      P7        ;             
| CONN_16X2    P6        ;             
| CONN_2       P1        ;             
| CONN_2       P3        ;             
| CONN_32      P8        ;             
| CONN_32      P9        ;             
| CONN_4X2     P2        ;             
| CONN_4X2     P5        ;             
| CONN_6       P4        ;             
| DIODE        D1        ;             
| Green        D3        ;             
| IS62WV51216ALL U2        ;             
| LED          D4        ;             
| MCP1700T     MCP1      ;             
| MCP1700T     MCP2      ;             
| NPN          Q1        ;             
| NPN          Q2        ;             
| PWR_JACK     PWR_JACK1 ;             
| Red          D2        ;             
| STM32F103ZE  U1        ;             
| USB          USB1      ;             
#End Cmp

#End List
