eeschema (2012-01-19 BZR 3256)-stable  >> Creation date: Mon 19 Mar 2012 12:14:31 PM PDT

#Cmp ( order = Reference )
| BUT1       BUT         ; 401-1426-1-ND
| BUT2       BUT         ; 401-1426-1-ND
| C1         18pF        ; 587-1950-1-ND
| C2         18pF        ; 587-1950-1-ND
| C3         0.1uF       
| C4         0.1uF       
| C5         0.1uF       ; 445-4952-1-ND
| C6         0.1uF       ; 445-4952-1-ND
| C7         0.1uF       ; 445-4952-1-ND
| C8         0.1uF       ; 445-4952-1-ND
| C9         0.1uF       ; 445-4952-1-ND
| C10        0.1uF       ; 445-4952-1-ND
| C11        47pF        ; 399-1019-1-ND
| C12        47pF        ; 399-1019-1-ND
| C13        0.1uF       ; 445-4952-1-ND
| C14        0.1uF       ; 445-4952-1-ND
| C15        0.1uF       ; 445-4952-1-ND
| C16        0.1uF       ; 445-4952-1-ND
| C17        10uF        
| C18        0.1uF       ; 445-4952-1-ND
| C19        0.1uF       ; 445-4952-1-ND
| C20        0.1uF       ; 445-4952-1-ND
| C21        2.2uF       
| C22        330pF       
| C23        10pF        
| C24        2.2uF       
| C25        2.2uF       
| C26        1.0uF       
| C27        22uF        
| C28        4.7uF       
| C29        33pF        
| C30        22uF        
| C31        22uF        
| D1         DIODE       ; 568-4124-1-ND
| D2         DIODE       ; 568-4124-1-ND
| D3         Green       
| D4         LED         ; P13484CT-ND 
| JP1        JP_SW       
| L1         3.3uH       ; 587-2892-1-ND
| L2         2.2uH       ; 587-2890-1-ND
| MCP1700T1  MCP1700T    
| OSC1       8Mhz        ; 535-9721-1-ND
| P1         CONN_2      
| P2         CONN_2      
| P4         CONN_6      
| P5         CONN_5X2    
| P6         CONN_16X2   
| P7         CONN_16     
| P8         CONN_32     
| P9         CONN_32     
| Q1         NPN         ; 568-1630-1-ND
| Q2         NPN         ; 568-1630-1-ND
| R1         1.5k        ; 445-4952-1-ND
| R2         10k         ; 311-10KJRCT-ND
| R3         10k         
| R4         1K          ; P1.0KJCT-ND 
| R5         3.01K       
| R6         1k          ; P1.5KJCT-ND 
| R7         47k         ; 311-47.0KLRCT-ND
| R8         10k         ; 311-10KJRCT-ND
| R9         22          ; 311-22.0LRCT-ND
| R10        22          ; 311-22.0LRCT-ND
| R11        36k         ; 311-36.0KLRCT-ND
| R12        1.5k        ; P1.5KJCT-ND 
| R13        10K         ; 311-10KJRCT-ND
| R14        10K         
| R15        10K         
| R16        10K         
| R17        1K          
| R18        1k          ; P1.0KJCT-ND 
| R19        1.5k        ; P1.5KJCT-ND 
| R20        1.5k        ; P1.5KJCT-ND 
| R21        15K         
| R22        324K        
| R23        121K        
| R24        105K        
| SD1        SD          
| U1         STM32F407ZE 
| U2         IS62WV51216ALL
| U3         LTC3566     
| USB1       USB         
#End Cmp

#Cmp ( order = Value )
| 0.1uF        C3        
| 0.1uF        C4        
| 0.1uF        C5        ; 445-4952-1-ND
| 0.1uF        C6        ; 445-4952-1-ND
| 0.1uF        C7        ; 445-4952-1-ND
| 0.1uF        C8        ; 445-4952-1-ND
| 0.1uF        C9        ; 445-4952-1-ND
| 0.1uF        C10       ; 445-4952-1-ND
| 0.1uF        C13       ; 445-4952-1-ND
| 0.1uF        C14       ; 445-4952-1-ND
| 0.1uF        C15       ; 445-4952-1-ND
| 0.1uF        C16       ; 445-4952-1-ND
| 0.1uF        C18       ; 445-4952-1-ND
| 0.1uF        C19       ; 445-4952-1-ND
| 0.1uF        C20       ; 445-4952-1-ND
| 1.0uF        C26       
| 1.5k         R1        ; 445-4952-1-ND
| 1.5k         R12       ; P1.5KJCT-ND 
| 1.5k         R19       ; P1.5KJCT-ND 
| 1.5k         R20       ; P1.5KJCT-ND 
| 105K         R24       
| 10k          R2        ; 311-10KJRCT-ND
| 10k          R3        
| 10k          R8        ; 311-10KJRCT-ND
| 10K          R13       ; 311-10KJRCT-ND
| 10K          R14       
| 10K          R15       
| 10K          R16       
| 10pF         C23       
| 10uF         C17       
| 121K         R23       
| 15K          R21       
| 18pF         C1        ; 587-1950-1-ND
| 18pF         C2        ; 587-1950-1-ND
| 1K           R4        ; P1.0KJCT-ND 
| 1k           R6        ; P1.5KJCT-ND 
| 1K           R17       
| 1k           R18       ; P1.0KJCT-ND 
| 2.2uF        C21       
| 2.2uF        C24       
| 2.2uF        C25       
| 2.2uH        L2        ; 587-2890-1-ND
| 22           R9        ; 311-22.0LRCT-ND
| 22           R10       ; 311-22.0LRCT-ND
| 22uF         C27       
| 22uF         C30       
| 22uF         C31       
| 3.01K        R5        
| 3.3uH        L1        ; 587-2892-1-ND
| 324K         R22       
| 330pF        C22       
| 33pF         C29       
| 36k          R11       ; 311-36.0KLRCT-ND
| 4.7uF        C28       
| 47k          R7        ; 311-47.0KLRCT-ND
| 47pF         C11       ; 399-1019-1-ND
| 47pF         C12       ; 399-1019-1-ND
| 8Mhz         OSC1      ; 535-9721-1-ND
| BUT          BUT1      ; 401-1426-1-ND
| BUT          BUT2      ; 401-1426-1-ND
| CONN_16      P7        
| CONN_16X2    P6        
| CONN_2       P1        
| CONN_2       P2        
| CONN_32      P8        
| CONN_32      P9        
| CONN_5X2     P5        
| CONN_6       P4        
| DIODE        D1        ; 568-4124-1-ND
| DIODE        D2        ; 568-4124-1-ND
| Green        D3        
| IS62WV51216ALL U2        
| JP_SW        JP1       
| LED          D4        ; P13484CT-ND 
| LTC3566      U3        
| MCP1700T     MCP1700T1 
| NPN          Q1        ; 568-1630-1-ND
| NPN          Q2        ; 568-1630-1-ND
| SD           SD1       
| STM32F407ZE  U1        
| USB          USB1      
#End Cmp

#End List
